INFO:     Started server process [14876]
INFO:     Waiting for application startup.
INFO:     Application startup complete.
INFO:     Uvicorn running on http://127.0.0.1:8000 (Press CTRL+C to quit)
2026-08-08 08:24:19,345 INFO api GET /health 200 0.002s
2026-08-08 08:24:46,492 INFO api GET /api/v1/auth/me 200 0.100s
2026-08-08 08:24:46,502 INFO api GET /api/v1/auth/me 200 0.005s
2026-08-08 08:24:46,826 INFO api GET /api/v1/workspaces 200 0.057s
2026-08-08 08:24:46,847 INFO api GET /api/v1/workspaces 200 0.008s
2026-08-08 08:24:46,895 INFO api GET /api/v1/workspace/saas 200 0.099s
2026-08-08 08:24:46,926 INFO api GET /api/v1/workspace/saas 200 0.024s
2026-08-08 08:24:46,979 INFO api GET /api/v1/workspace 200 0.183s
2026-08-08 08:24:46,993 INFO api GET /api/v1/workspace 200 0.009s
2026-08-08 08:24:53,949 INFO api POST /api/v1/workspace/billing/change-plan 401 0.004s
2026-08-08 08:24:53,970 INFO api POST /api/v1/auth/refresh 200 0.009s
2026-08-08 08:24:53,986 INFO api POST /api/v1/workspace/billing/change-plan 409 0.009s
2026-08-08 08:25:09,866 INFO api GET /api/v1/auth/me 200 0.003s
2026-08-08 08:25:09,872 INFO api GET /api/v1/auth/me 200 0.003s
2026-08-08 08:25:09,900 INFO api GET /api/v1/admin/saas/overview 200 0.015s
2026-08-08 08:25:09,903 INFO api GET /api/v1/admin/saas/plan-requests 200 0.016s
2026-08-08 08:25:09,919 INFO api GET /api/v1/admin/saas/overview 200 0.013s
2026-08-08 08:25:09,922 INFO api GET /api/v1/admin/saas/plan-requests 200 0.013s
2026-08-08 08:25:27,581 INFO api GET /api/v1/auth/me 200 0.004s
2026-08-08 08:25:27,592 INFO api GET /api/v1/auth/me 200 0.004s
2026-08-08 08:25:27,602 INFO api GET /api/v1/admin/saas/plan-requests 200 0.007s
2026-08-08 08:25:27,612 INFO api GET /api/v1/admin/saas/plan-requests 200 0.005s
2026-08-08 08:25:45,273 INFO api POST /api/v1/admin/saas/plan-requests/3c34a6c0-b132-4fa0-a76c-129e280cef1a/reject 200 0.022s
2026-08-08 08:25:45,286 INFO api GET /api/v1/admin/saas/plan-requests 200 0.005s
2026-08-08 08:26:53,254 INFO api GET /api/v1/workspaces 401 0.009s
2026-08-08 08:26:53,257 INFO api GET /api/v1/workspace/saas 401 0.010s
2026-08-08 08:26:53,259 INFO api GET /api/v1/workspace 401 0.008s
2026-08-08 08:26:53,282 INFO api POST /api/v1/auth/refresh 200 0.014s
2026-08-08 08:26:53,284 INFO api POST /api/v1/auth/refresh 200 0.015s
2026-08-08 08:26:53,285 INFO api POST /api/v1/auth/refresh 200 0.019s
2026-08-08 08:26:53,307 INFO api GET /api/v1/workspaces 200 0.012s
2026-08-08 08:26:53,310 INFO api GET /api/v1/workspace 200 0.017s
2026-08-08 08:26:53,317 INFO api GET /api/v1/workspace/saas 200 0.028s
2026-08-08 08:26:53,743 INFO api GET /api/v1/admin/saas/plan-requests 200 0.016s
2026-08-08 08:26:53,745 INFO api GET /api/v1/workspace/saas 401 0.011s
2026-08-08 08:26:53,747 INFO api GET /api/v1/workspaces 401 0.012s
2026-08-08 08:26:53,748 INFO api GET /api/v1/workspace 401 0.009s
2026-08-08 08:26:53,755 INFO api GET /api/v1/workspace/saas 401 0.005s
2026-08-08 08:26:53,759 INFO api GET /api/v1/workspaces 401 0.007s
2026-08-08 08:26:53,761 INFO api GET /api/v1/workspace 401 0.004s
2026-08-08 08:26:53,900 INFO api POST /api/v1/auth/refresh 200 0.137s
2026-08-08 08:26:53,902 INFO api GET /api/v1/workspaces 200 0.020s
2026-08-08 08:26:53,904 INFO api POST /api/v1/auth/refresh 200 0.023s
2026-08-08 08:26:53,918 INFO api POST /api/v1/auth/refresh 401 0.010s
2026-08-08 08:26:53,924 INFO api POST /api/v1/auth/refresh 401 0.011s
2026-08-08 08:26:53,927 INFO api POST /api/v1/auth/refresh 401 0.010s
2026-08-08 08:26:53,958 INFO api POST /api/v1/auth/refresh 401 0.079s
2026-08-08 08:26:53,969 INFO api GET /api/v1/workspace 200 0.086s
2026-08-08 08:26:53,983 INFO api GET /api/v1/workspace/saas 200 0.101s
2026-08-08 08:26:53,991 INFO api GET /api/v1/workspace 200 0.014s
2026-08-08 08:26:54,013 INFO api GET /api/v1/workspace/saas 200 0.020s
2026-08-08 08:27:40,377 INFO api GET /api/v1/auth/me 401 0.002s
2026-08-08 08:27:40,383 INFO api GET /api/v1/auth/me 401 0.002s
2026-08-08 08:27:40,843 INFO api GET /api/v1/auth/oauth/providers 200 0.010s
2026-08-08 08:27:40,854 INFO api GET /api/v1/auth/oauth/providers 200 0.002s
2026-08-08 08:27:44,533 INFO api POST /api/v1/auth/login 200 0.375s
2026-08-08 08:27:44,593 INFO api GET /api/v1/workspaces 200 0.020s
2026-08-08 08:27:44,597 INFO api GET /api/v1/workspace 200 0.022s
2026-08-08 08:27:44,607 INFO api GET /api/v1/employer/dashboard 200 0.029s
2026-08-08 08:27:44,623 INFO api GET /api/v1/workspaces 200 0.017s
2026-08-08 08:27:44,626 INFO api GET /api/v1/workspace 200 0.019s
2026-08-08 08:27:44,630 INFO api GET /api/v1/employer/dashboard 200 0.016s
2026-08-08 08:27:44,642 INFO api GET /api/v1/workspace 200 0.009s
2026-08-08 08:27:44,656 INFO api GET /api/v1/workspace 200 0.007s
2026-08-08 08:27:49,274 INFO api GET /api/v1/workspace/saas 200 0.018s
2026-08-08 08:27:49,301 INFO api GET /api/v1/workspace/saas 200 0.022s
2026-08-08 08:27:53,001 INFO api GET /api/v1/workspaces 200 0.013s
2026-08-08 08:27:53,018 INFO api GET /api/v1/notifications/preferences 200 0.021s
2026-08-08 08:27:53,026 INFO api GET /api/v1/notifications 200 0.027s
2026-08-08 08:27:53,040 INFO api GET /api/v1/workspaces 200 0.026s
2026-08-08 08:27:53,041 INFO api GET /api/v1/workspace 200 0.041s
2026-08-08 08:27:53,046 INFO api GET /api/v1/notifications/preferences 200 0.018s
2026-08-08 08:27:53,050 INFO api GET /api/v1/notifications 200 0.017s
2026-08-08 08:27:53,061 INFO api GET /api/v1/workspace 200 0.011s
2026-08-08 08:27:55,595 INFO api PATCH /api/v1/notifications/preferences 200 0.013s
2026-08-08 08:27:56,939 INFO api PATCH /api/v1/notifications/preferences 200 0.007s
2026-08-08 08:28:08,549 INFO api GET /api/v1/workspaces 200 0.016s
2026-08-08 08:28:08,555 INFO api GET /api/v1/workspace 200 0.021s
2026-08-08 08:28:08,568 INFO api GET /api/v1/workspaces 200 0.014s
2026-08-08 08:28:08,575 INFO api GET /api/v1/workspace 200 0.012s
2026-08-08 08:28:51,214 INFO api GET /api/v1/auth/me 200 0.004s
2026-08-08 08:28:51,227 INFO api GET /api/v1/auth/me 200 0.005s
2026-08-08 08:28:51,241 INFO api GET /api/v1/admin/saas/plan-requests 200 0.007s
2026-08-08 08:28:51,252 INFO api GET /api/v1/admin/saas/plan-requests 200 0.006s
2026-08-08 08:28:53,437 INFO api GET /api/v1/admin/saas/overview 200 0.011s
2026-08-08 08:28:53,442 INFO api GET /api/v1/admin/saas/plan-requests 200 0.015s
2026-08-08 08:28:53,455 INFO api GET /api/v1/admin/saas/overview 200 0.010s
2026-08-08 08:28:53,457 INFO api GET /api/v1/admin/saas/plan-requests 200 0.010s
2026-08-08 08:28:54,731 INFO api GET /api/v1/admin/saas/plan-requests 200 0.008s
2026-08-08 08:28:54,741 INFO api GET /api/v1/admin/saas/plan-requests 200 0.007s
2026-08-08 08:28:56,660 INFO api GET /api/v1/admin/saas/overview 200 0.009s
2026-08-08 08:28:56,665 INFO api GET /api/v1/admin/saas/plan-requests 200 0.013s
2026-08-08 08:28:56,677 INFO api GET /api/v1/admin/saas/overview 200 0.009s
2026-08-08 08:28:56,678 INFO api GET /api/v1/admin/saas/plan-requests 200 0.009s
2026-08-08 08:28:58,226 INFO api GET /api/v1/admin/saas/plan-requests 200 0.008s
2026-08-08 08:28:58,242 INFO api GET /api/v1/admin/saas/plan-requests 200 0.008s
2026-08-08 08:30:14,409 INFO api GET /api/v1/workspaces 200 0.018s
2026-08-08 08:30:14,413 INFO api GET /api/v1/workspace 200 0.017s
2026-08-08 08:30:14,429 INFO api GET /api/v1/workspace/saas 200 0.034s
2026-08-08 08:30:14,742 INFO api GET /api/v1/admin/saas/plan-requests 200 0.017s
2026-08-08 08:30:14,753 INFO api GET /api/v1/workspaces 401 0.006s
2026-08-08 08:30:14,756 INFO api GET /api/v1/workspace/saas 401 0.007s
2026-08-08 08:30:14,758 INFO api GET /api/v1/workspace 401 0.008s
2026-08-08 08:30:14,763 INFO api GET /api/v1/workspaces 401 0.002s
2026-08-08 08:30:14,774 INFO api GET /api/v1/workspace/saas 401 0.010s
2026-08-08 08:30:14,776 INFO api GET /api/v1/workspace 401 0.009s
2026-08-08 08:30:14,790 INFO api GET /api/v1/workspaces 200 0.020s
2026-08-08 08:30:14,794 INFO api POST /api/v1/auth/refresh 200 0.025s
2026-08-08 08:30:14,798 INFO api POST /api/v1/auth/refresh 200 0.031s
2026-08-08 08:30:14,801 INFO api POST /api/v1/auth/refresh 200 0.029s
2026-08-08 08:30:14,814 INFO api POST /api/v1/auth/refresh 401 0.025s
2026-08-08 08:30:14,824 INFO api GET /api/v1/workspace 200 0.034s
2026-08-08 08:30:14,827 INFO api POST /api/v1/auth/refresh 401 0.024s
2026-08-08 08:30:14,833 INFO api POST /api/v1/auth/refresh 401 0.025s
2026-08-08 08:30:14,838 INFO api GET /api/v1/workspaces 200 0.025s
2026-08-08 08:30:14,847 INFO api GET /api/v1/workspace/saas 200 0.037s
2026-08-08 08:30:14,851 INFO api GET /api/v1/workspace 200 0.018s
2026-08-08 08:41:16,832 INFO api GET /api/v1/auth/me 401 0.002s
2026-08-08 08:41:16,845 INFO api GET /api/v1/auth/me 401 0.002s
2026-08-08 08:41:16,857 INFO api POST /api/v1/auth/refresh 200 0.011s
2026-08-08 08:41:16,863 INFO api POST /api/v1/auth/refresh 401 0.011s
2026-08-08 08:41:16,869 INFO api GET /api/v1/auth/me 200 0.004s
2026-08-08 08:41:16,893 INFO api GET /api/v1/admin/dashboard 401 0.003s
2026-08-08 08:41:16,900 INFO api GET /api/v1/admin/dashboard 401 0.001s
2026-08-08 08:41:22,084 INFO api GET /api/v1/admin/saas/overview 401 0.005s
2026-08-08 08:41:22,086 INFO api GET /api/v1/admin/saas/plan-requests 401 0.005s
2026-08-08 08:41:22,093 INFO api GET /api/v1/admin/saas/overview 401 0.003s
2026-08-08 08:41:22,095 INFO api GET /api/v1/admin/saas/plan-requests 401 0.003s
2026-08-08 08:41:25,068 INFO api GET /api/v1/admin/saas/plan-requests 401 0.001s
2026-08-08 08:41:25,080 INFO api GET /api/v1/admin/saas/plan-requests 401 0.003s
